{
 "ab-cam-2L-on": {
  "status": "DONE",
  "window": [
   "2026-10-06T11:32:14.140",
   "2026-10-06T11:34:18.869"
  ],
  "rec": "stopped+exported",
  "hd_layer": "h",
  "hd_sent": {
   "w_med": 1280.0,
   "h_med": 720.0,
   "fps_med": 30.0,
   "samples": 59,
   "samples_with_dims": 43
  },
  "qlr_share_top": {
   "none": 0.68,
   "bandwidth": 0.32
  },
  "qlrDurations_delta_s": {
   "none": 80.5,
   "cpu": 0.0,
   "bandwidth": 38.5,
   "other": 0.0
  },
  "qlrDurations_share": {
   "none": 0.68,
   "cpu": 0.0,
   "bandwidth": 0.32,
   "other": 0.0
  },
  "qlrResChanges_delta": 2.0,
  "encoderImplementation": [
   "SimulcastEncoderAdapter (libvpx)",
   "SimulcastEncoderAdapter (libvpx, libvpx)"
  ],
  "per_rid": {
   "h": {
    "w_med": 1280.0,
    "h_med": 720.0,
    "fps_med": 30.0,
    "n": 59,
    "n_with_dims": 43
   },
   "q": {
    "w_med": 320.0,
    "h_med": 180.0,
    "fps_med": 19.0,
    "n": 59,
    "n_with_dims": 59
   }
  },
  "capture_src": {
   "n": 59,
   "sources": [
    "pc1:SV2"
   ],
   "src_fps_med": 30.0,
   "src_fps_min": 21.0,
   "src_fps_frames_med": 30.0,
   "src_fps_frames_min": 17.3,
   "src_w_med": 1280.0,
   "src_h_med": 720.0,
   "samples_lt24_src_or_top_sent": [
    {
     "t_rel_s": 10.8,
     "src_fps": 21.0,
     "src_fps_frames": 17.3,
     "top_sent_fps": 8.2
    },
    {
     "t_rel_s": 13.1,
     "src_fps": 29.0,
     "src_fps_frames": 29.5,
     "top_sent_fps": 0.0
    },
    {
     "t_rel_s": 15.1,
     "src_fps": 30.0,
     "src_fps_frames": 30.0,
     "top_sent_fps": 0.0
    },
    {
     "t_rel_s": 17.2,
     "src_fps": 30.0,
     "src_fps_frames": 30.0,
     "top_sent_fps": 0.0
    },
    {
     "t_rel_s": 19.2,
     "src_fps": 30.0,
     "src_fps_frames": 30.1,
     "top_sent_fps": 0.0
    },
    {
     "t_rel_s": 21.2,
     "src_fps": 30.0,
     "src_fps_frames": 29.9,
     "top_sent_fps": 0.0
    },
    {
     "t_rel_s": 23.3,
     "src_fps": 30.0,
     "src_fps_frames": 29.9,
     "top_sent_fps": 0.0
    },
    {
     "t_rel_s": 25.3,
     "src_fps": 30.0,
     "src_fps_frames": 29.9,
     "top_sent_fps": 0.0
    },
    {
     "t_rel_s": 27.3,
     "src_fps": 30.0,
     "src_fps_frames": 30.1,
     "top_sent_fps": 0.0
    },
    {
     "t_rel_s": 29.4,
     "src_fps": 30.0,
     "src_fps_frames": 29.9,
     "top_sent_fps": 0.0
    },
    {
     "t_rel_s": 31.4,
     "src_fps": 30.0,
     "src_fps_frames": 30.2,
     "top_sent_fps": 0.0
    },
    {
     "t_rel_s": 33.5,
     "src_fps": 30.0,
     "src_fps_frames": 30.0,
     "top_sent_fps": 0.0
    },
    {
     "t_rel_s": 35.5,
     "src_fps": 29.0,
     "src_fps_frames": 29.7,
     "top_sent_fps": 0.0
    },
    {
     "t_rel_s": 37.5,
     "src_fps": 29.0,
     "src_fps_frames": 30.0,
     "top_sent_fps": 0.0
    },
    {
     "t_rel_s": 39.6,
     "src_fps": 30.0,
     "src_fps_frames": 30.4,
     "top_sent_fps": 0.0
    },
    {
     "t_rel_s": 41.6,
     "src_fps": 30.0,
     "src_fps_frames": 29.6,
     "top_sent_fps": 0.0
    },
    {
     "t_rel_s": 43.6,
     "src_fps": 30.0,
     "src_fps_frames": 30.1,
     "top_sent_fps": 0.0
    },
    {
     "t_rel_s": 45.7,
     "src_fps": 30.0,
     "src_fps_frames": 30.1,
     "top_sent_fps": 0.0
    },
    {
     "t_rel_s": 47.7,
     "src_fps": 30.0,
     "src_fps_frames": 30.1,
     "top_sent_fps": 0.0
    },
    {
     "t_rel_s": 49.7,
     "src_fps": 30.0,
     "src_fps_frames": 29.9,
     "top_sent_fps": 7.0
    },
    {
     "t_rel_s": 51.8,
     "src_fps": 30.0,
     "src_fps_frames": 29.9,
     "top_sent_fps": 17.1
    },
    {
     "t_rel_s": 53.8,
     "src_fps": 30.0,
     "src_fps_frames": 30.1,
     "top_sent_fps": 19.5
    },
    {
     "t_rel_s": 55.8,
     "src_fps": 30.0,
     "src_fps_frames": 30.0,
     "top_sent_fps": 23.0
    },
    {
     "t_rel_s": 57.9,
     "src_fps": 30.0,
     "src_fps_frames": 30.1,
     "top_sent_fps": 22.4
    },
    {
     "t_rel_s": 59.9,
     "src_fps": 29.0,
     "src_fps_frames": 29.6,
     "top_sent_fps": 22.5
    },
    {
     "t_rel_s": 61.9,
     "src_fps": 30.0,
     "src_fps_frames": 30.3,
     "top_sent_fps": 22.5
    }
   ],
   "encoder_vs_src": {
    "h": {
     "layer_cap_fps": 30,
     "enc_fps_med": 26.0,
     "enc_fps_min": 0.0,
     "n_enc_lt_src_minus3_qlr_none": 11,
     "samples": [
      {
       "t_rel_s": 49.7,
       "enc_fps": 7.0,
       "src_fps": 29.9
      },
      {
       "t_rel_s": 51.8,
       "enc_fps": 17.1,
       "src_fps": 29.9
      },
      {
       "t_rel_s": 53.8,
       "enc_fps": 19.5,
       "src_fps": 30.1
      },
      {
       "t_rel_s": 55.8,
       "enc_fps": 23.0,
       "src_fps": 30.0
      },
      {
       "t_rel_s": 57.9,
       "enc_fps": 22.4,
       "src_fps": 30.1
      },
      {
       "t_rel_s": 59.9,
       "enc_fps": 22.5,
       "src_fps": 29.6
      },
      {
       "t_rel_s": 61.9,
       "enc_fps": 22.5,
       "src_fps": 30.3
      },
      {
       "t_rel_s": 64.0,
       "enc_fps": 25.7,
       "src_fps": 29.9
      },
      {
       "t_rel_s": 74.3,
       "enc_fps": 26.4,
       "src_fps": 30.0
      },
      {
       "t_rel_s": 76.3,
       "enc_fps": 25.5,
       "src_fps": 29.5
      },
      {
       "t_rel_s": 92.8,
       "enc_fps": 26.7,
       "src_fps": 30.2
      }
     ]
    },
    "q": {
     "layer_cap_fps": 20,
     "enc_fps_med": 18.6,
     "enc_fps_min": 6.7,
     "n_enc_lt_src_minus3_qlr_none": 12,
     "samples": [
      {
       "t_rel_s": 49.7,
       "enc_fps": 11.0,
       "src_fps": 29.9
      },
      {
       "t_rel_s": 51.8,
       "enc_fps": 10.0,
       "src_fps": 29.9
      },
      {
       "t_rel_s": 53.8,
       "enc_fps": 13.5,
       "src_fps": 30.1
      },
      {
       "t_rel_s": 55.8,
       "enc_fps": 9.5,
       "src_fps": 30.0
      },
      {
       "t_rel_s": 57.9,
       "enc_fps": 6.7,
       "src_fps": 30.1
      },
      {
       "t_rel_s": 59.9,
       "enc_fps": 10.0,
       "src_fps": 29.6
      },
      {
       "t_rel_s": 61.9,
       "enc_fps": 13.5,
       "src_fps": 30.3
      },
      {
       "t_rel_s": 64.0,
       "enc_fps": 14.8,
       "src_fps": 29.9
      },
      {
       "t_rel_s": 66.0,
       "enc_fps": 15.0,
       "src_fps": 29.8
      },
      {
       "t_rel_s": 68.1,
       "enc_fps": 14.8,
       "src_fps": 30.2
      },
      {
       "t_rel_s": 70.1,
       "enc_fps": 15.5,
       "src_fps": 30.0
      },
      {
       "t_rel_s": 72.1,
       "enc_fps": 15.0,
       "src_fps": 29.6
      }
     ]
    }
   }
  },
  "cpu": {
   "pub": {
    "machine_pct_med": 16.9,
    "machine_pct_max": 40.1,
    "one_core_pct_med": 134.9,
    "n": 59
   },
   "sub": {
    "machine_pct_med": 6.1,
    "machine_pct_max": 33.5,
    "one_core_pct_med": 49.0,
    "n": 59
   },
   "total_cpu_pct_med": 51.0,
   "gpu_videoencode_pct_med": 0.0,
   "nvenc_util_pct_med": 0.0,
   "nvenc_util_pct_max": 0.0
  },
  "sub_hi_rx": {
   "w_med": 1280.0,
   "h_med": 720.0,
   "fps_med": 28.0,
   "freeze_delta": 9.0
  },
  "sub_x_rx": {
   "pub2": "present",
   "w_med": 1280.0,
   "h_med": 720.0,
   "fps_med": 30.0,
   "freeze_delta": 0,
   "lost_delta": 0
  },
  "distinct_fps": null
 }
}
